..............                                                           [100%]
=============================== warnings summary ===============================
../DriveVLA-M0-stage2/reproduction_diagnostics/envs/navsim_py39_exact/lib/python3.9/site-packages/matplotlib/_fontconfig_pattern.py:64
  /mnt/project/DriveVLA-M0-stage2/reproduction_diagnostics/envs/navsim_py39_exact/lib/python3.9/site-packages/matplotlib/_fontconfig_pattern.py:64: PyparsingDeprecationWarning: 'oneOf' deprecated - use 'one_of'
    prop = Group((name + Suppress("=") + comma_separated(value)) | oneOf(_CONSTANTS))

../DriveVLA-M0-stage2/reproduction_diagnostics/envs/navsim_py39_exact/lib/python3.9/site-packages/matplotlib/_fontconfig_pattern.py:85
../DriveVLA-M0-stage2/reproduction_diagnostics/envs/navsim_py39_exact/lib/python3.9/site-packages/matplotlib/_fontconfig_pattern.py:85
../DriveVLA-M0-stage2/reproduction_diagnostics/envs/navsim_py39_exact/lib/python3.9/site-packages/matplotlib/_fontconfig_pattern.py:85
../DriveVLA-M0-stage2/reproduction_diagnostics/envs/navsim_py39_exact/lib/python3.9/site-packages/matplotlib/_fontconfig_pattern.py:85
../DriveVLA-M0-stage2/reproduction_diagnostics/envs/navsim_py39_exact/lib/python3.9/site-packages/matplotlib/_fontconfig_pattern.py:85
../DriveVLA-M0-stage2/reproduction_diagnostics/envs/navsim_py39_exact/lib/python3.9/site-packages/matplotlib/_fontconfig_pattern.py:85
  /mnt/project/DriveVLA-M0-stage2/reproduction_diagnostics/envs/navsim_py39_exact/lib/python3.9/site-packages/matplotlib/_fontconfig_pattern.py:85: PyparsingDeprecationWarning: 'parseString' deprecated - use 'parse_string'
    parse = parser.parseString(pattern)

../DriveVLA-M0-stage2/reproduction_diagnostics/envs/navsim_py39_exact/lib/python3.9/site-packages/matplotlib/_fontconfig_pattern.py:89
../DriveVLA-M0-stage2/reproduction_diagnostics/envs/navsim_py39_exact/lib/python3.9/site-packages/matplotlib/_fontconfig_pattern.py:89
../DriveVLA-M0-stage2/reproduction_diagnostics/envs/navsim_py39_exact/lib/python3.9/site-packages/matplotlib/_fontconfig_pattern.py:89
../DriveVLA-M0-stage2/reproduction_diagnostics/envs/navsim_py39_exact/lib/python3.9/site-packages/matplotlib/_fontconfig_pattern.py:89
../DriveVLA-M0-stage2/reproduction_diagnostics/envs/navsim_py39_exact/lib/python3.9/site-packages/matplotlib/_fontconfig_pattern.py:89
../DriveVLA-M0-stage2/reproduction_diagnostics/envs/navsim_py39_exact/lib/python3.9/site-packages/matplotlib/_fontconfig_pattern.py:89
  /mnt/project/DriveVLA-M0-stage2/reproduction_diagnostics/envs/navsim_py39_exact/lib/python3.9/site-packages/matplotlib/_fontconfig_pattern.py:89: PyparsingDeprecationWarning: 'resetCache' deprecated - use 'reset_cache'
    parser.resetCache()

../DriveVLA-M0-stage2/reproduction_diagnostics/envs/navsim_py39_exact/lib/python3.9/site-packages/matplotlib/_mathtext.py:45
  /mnt/project/DriveVLA-M0-stage2/reproduction_diagnostics/envs/navsim_py39_exact/lib/python3.9/site-packages/matplotlib/_mathtext.py:45: PyparsingDeprecationWarning: 'enablePackrat' deprecated - use 'enable_packrat'
    ParserElement.enablePackrat()

-- Docs: https://docs.pytest.org/en/stable/how-to/capture-warnings.html
- generated xml file: /mnt/project/DriveVLA-M0-stage2/planreg_v2_review_20260908/logs/green_initial.xml -
14 passed, 14 warnings in 34.13s
