........................................................................ [ 52%]
................................................................         [100%]
=============================== warnings summary ===============================
../../../root/miniconda3/envs/ddp/lib/python3.10/site-packages/torch/cuda/__init__.py:61
  /root/miniconda3/envs/ddp/lib/python3.10/site-packages/torch/cuda/__init__.py:61: FutureWarning: The pynvml package is deprecated. Please install nvidia-ml-py instead. If you did not install pynvml directly, please report this to the maintainers of the package that installed pynvml for you.
    import pynvml  # type: ignore[import]

tests/flow_grpo/test_adjacent_evaluation_real.py::test_real_adjacent_frames_and_missing_comfort_weight
  /root/miniconda3/envs/ddp/lib/python3.10/site-packages/lightning_fabric/__init__.py:41: pkg_resources is deprecated as an API. See https://setuptools.pypa.io/en/latest/pkg_resources.html. The pkg_resources package is slated for removal as early as 2025-11-30. Refrain from using this package or pin to Setuptools<81.

tests/flow_grpo/test_adjacent_evaluation_real.py::test_real_adjacent_frames_and_missing_comfort_weight
  /root/miniconda3/envs/ddp/lib/python3.10/site-packages/lightning_fabric/__init__.py:41: Deprecated call to `pkg_resources.declare_namespace('lightning_fabric')`.
  Implementing implicit namespace packages (as specified in PEP 420) is preferred to `pkg_resources.declare_namespace`. See https://setuptools.pypa.io/en/latest/references/keywords.html#keyword-namespace-packages

tests/flow_grpo/test_adjacent_evaluation_real.py::test_real_adjacent_frames_and_missing_comfort_weight
  /root/miniconda3/envs/ddp/lib/python3.10/site-packages/pytorch_lightning/__init__.py:37: Deprecated call to `pkg_resources.declare_namespace('pytorch_lightning')`.
  Implementing implicit namespace packages (as specified in PEP 420) is preferred to `pkg_resources.declare_namespace`. See https://setuptools.pypa.io/en/latest/references/keywords.html#keyword-namespace-packages

tests/flow_grpo/test_adjacent_evaluation_real.py: 572 warnings
tests/flow_grpo/test_reward_real.py: 3456 warnings
  /mnt/project/DriveDreamer-Policy-paired/navsim/navsim/planning/simulation/planner/pdm_planner/observation/pdm_occupancy_map.py:209: DeprecationWarning: The 'shapely.vectorized.contains' function is deprecated and will be removed a future version. Use 'shapely.contains_xy' instead (available since shapely 2.0.0).
    output[i] = shapely.vectorized.contains(polygon, flattened_points[:, 0], flattened_points[:, 1])

tests/baseline_matched/test_legacy_compatibility.py::test_legacy_framework_still_builds
  <frozen importlib._bootstrap>:241: DeprecationWarning: builtin type SwigPyPacked has no __module__ attribute

tests/baseline_matched/test_legacy_compatibility.py::test_legacy_framework_still_builds
  <frozen importlib._bootstrap>:241: DeprecationWarning: builtin type SwigPyObject has no __module__ attribute

tests/baseline_matched/test_legacy_compatibility.py::test_legacy_framework_still_builds
  /mnt/project/DriveDreamer-Policy-paired/starVLA/model/modules/video_model/videox_fun/dist/wan_xfuser.py:22: FutureWarning: `torch.cuda.amp.autocast(args...)` is deprecated. Please use `torch.amp.autocast('cuda', args...)` instead.
    @amp.autocast(enabled=False)

tests/baseline_matched/test_legacy_compatibility.py::test_legacy_framework_still_builds
  /mnt/project/DriveDreamer-Policy-paired/starVLA/model/modules/video_model/videox_fun/dist/wan_xfuser.py:113: FutureWarning: `torch.cuda.amp.autocast(args...)` is deprecated. Please use `torch.amp.autocast('cuda', args...)` instead.
    @amp.autocast(enabled=False)

tests/baseline_matched/test_legacy_compatibility.py::test_legacy_framework_still_builds
  /mnt/project/DriveDreamer-Policy-paired/starVLA/model/modules/video_model/videox_fun/models/wan_transformer3d.py:44: FutureWarning: `torch.cuda.amp.autocast(args...)` is deprecated. Please use `torch.amp.autocast('cuda', args...)` instead.
    @amp.autocast(enabled=False)

tests/baseline_matched/test_legacy_compatibility.py::test_legacy_framework_still_builds
  /mnt/project/DriveDreamer-Policy-paired/starVLA/model/modules/video_model/videox_fun/models/wan_transformer3d.py:56: FutureWarning: `torch.cuda.amp.autocast(args...)` is deprecated. Please use `torch.amp.autocast('cuda', args...)` instead.
    @amp.autocast(enabled=False)

tests/baseline_matched/test_legacy_compatibility.py::test_legacy_framework_still_builds
  /mnt/project/DriveDreamer-Policy-paired/starVLA/model/modules/video_model/videox_fun/models/wan_transformer3d.py:135: FutureWarning: `torch.cuda.amp.autocast(args...)` is deprecated. Please use `torch.amp.autocast('cuda', args...)` instead.
    @amp.autocast(enabled=False)

tests/baseline_matched/test_legacy_compatibility.py::test_legacy_framework_still_builds
  /mnt/project/DriveDreamer-Policy-paired/starVLA/model/modules/video_model/videox_fun/models/wan_audio_injector.py:103: FutureWarning: `torch.cuda.amp.autocast(args...)` is deprecated. Please use `torch.amp.autocast('cuda', args...)` instead.
    @amp.autocast(enabled=False)

tests/baseline_matched/test_legacy_compatibility.py::test_legacy_framework_still_builds
  /mnt/project/DriveDreamer-Policy-paired/starVLA/model/modules/video_model/videox_fun/models/wan_audio_injector.py:114: FutureWarning: `torch.cuda.amp.autocast(args...)` is deprecated. Please use `torch.amp.autocast('cuda', args...)` instead.
    @amp.autocast(enabled=False)

tests/baseline_matched/test_legacy_compatibility.py::test_legacy_framework_still_builds
  /mnt/project/DriveDreamer-Policy-paired/starVLA/model/modules/video_model/videox_fun/models/wan_transformer3d_s2v.py:55: FutureWarning: `torch.cuda.amp.autocast(args...)` is deprecated. Please use `torch.amp.autocast('cuda', args...)` instead.
    @amp.autocast(enabled=False)

-- Docs: https://docs.pytest.org/en/stable/how-to/capture-warnings.html
- generated xml file: /mnt/project/DriveDreamer-Policy-paired/reports/ddp_flow_grpo_orchestration/full_cpu_initial.xml -
136 passed, 4042 warnings in 181.46s (0:03:01)
