scripts/flow_grpo/inventory_target.py:17:22: E702 Multiple statements on one line (semicolon)
scripts/flow_grpo/inventory_target.py:17:35: E702 Multiple statements on one line (semicolon)
scripts/flow_grpo/inventory_target.py:22:37: E702 Multiple statements on one line (semicolon)
scripts/flow_grpo/numerical_profile.py:19:95: F401 [*] `starVLA.rl.flow_grpo.contracts.digest` imported but unused
scripts/flow_grpo/numerical_profile.py:24:60: F401 [*] `starVLA.rl.flow_grpo.comparison.tensor_comparison` imported but unused
scripts/flow_grpo/numerical_profile.py:48:28: E702 Multiple statements on one line (semicolon)
scripts/flow_grpo/numerical_profile.py:49:40: E702 Multiple statements on one line (semicolon)
scripts/flow_grpo/numerical_profile.py:49:62: E702 Multiple statements on one line (semicolon)
scripts/flow_grpo/numerical_profile.py:116:51: E702 Multiple statements on one line (semicolon)
scripts/flow_grpo/numerical_profile.py:126:52: E701 Multiple statements on one line (colon)
scripts/flow_grpo/numerical_profile.py:127:25: F821 Undefined name `projected`
scripts/flow_grpo/numerical_profile.py:131:42: E702 Multiple statements on one line (semicolon)
scripts/flow_grpo/paired_experiment.py:51:20: E702 Multiple statements on one line (semicolon)
scripts/flow_grpo/paired_experiment.py:108:29: E702 Multiple statements on one line (semicolon)
scripts/flow_grpo/paired_experiment.py:121:53: E702 Multiple statements on one line (semicolon)
scripts/flow_grpo/paired_experiment.py:134:21: E702 Multiple statements on one line (semicolon)
scripts/flow_grpo/paired_experiment.py:163:65: E702 Multiple statements on one line (semicolon)
scripts/flow_grpo/paired_experiment.py:180:43: E702 Multiple statements on one line (semicolon)
scripts/flow_grpo/prepare_paired.py:22:29: E702 Multiple statements on one line (semicolon)
scripts/flow_grpo/prepare_paired.py:27:31: E702 Multiple statements on one line (semicolon)
scripts/flow_grpo/prepare_paired.py:27:48: E702 Multiple statements on one line (semicolon)
scripts/flow_grpo/prepare_paired.py:35:25: E702 Multiple statements on one line (semicolon)
scripts/flow_grpo/prepare_paired.py:35:52: E702 Multiple statements on one line (semicolon)
scripts/flow_grpo/prepare_paired.py:40:29: E702 Multiple statements on one line (semicolon)
starVLA/rl/flow_grpo/trainer.py:3:8: F401 [*] `csv` imported but unused
tests/flow_grpo/test_adjacent_evaluation_real.py:24:36: E702 Multiple statements on one line (semicolon)
tests/flow_grpo/test_inner_boundary.py:18:27: E702 Multiple statements on one line (semicolon)
tests/flow_grpo/test_inner_boundary.py:34:52: E702 Multiple statements on one line (semicolon)
tests/flow_grpo/test_inner_boundary.py:46:51: E702 Multiple statements on one line (semicolon)
tests/flow_grpo/test_inner_boundary.py:52:24: E702 Multiple statements on one line (semicolon)
tests/flow_grpo/test_inner_boundary.py:52:70: E702 Multiple statements on one line (semicolon)
tests/flow_grpo/test_inner_boundary.py:52:87: E702 Multiple statements on one line (semicolon)
tests/flow_grpo/test_inner_boundary.py:53:26: E702 Multiple statements on one line (semicolon)
tests/flow_grpo/test_inner_boundary.py:55:11: E702 Multiple statements on one line (semicolon)
tests/flow_grpo/test_inner_boundary.py:55:58: E702 Multiple statements on one line (semicolon)
tests/flow_grpo/test_inner_boundary.py:66:36: E702 Multiple statements on one line (semicolon)
tests/flow_grpo/test_metrics_repro.py:2:8: F401 [*] `json` imported but unused
tests/flow_grpo/test_metrics_repro.py:54:29: E702 Multiple statements on one line (semicolon)
tests/flow_grpo/test_metrics_repro.py:57:29: E702 Multiple statements on one line (semicolon)
tests/flow_grpo/test_metrics_repro.py:63:34: E702 Multiple statements on one line (semicolon)
tests/flow_grpo/test_metrics_repro.py:67:21: E702 Multiple statements on one line (semicolon)
tests/flow_grpo/test_metrics_repro.py:67:48: E702 Multiple statements on one line (semicolon)
tests/flow_grpo/test_paired_evaluation.py:2:21: F401 [*] `pathlib.Path` imported but unused
tests/flow_grpo/test_paired_evaluation.py:23:24: E702 Multiple statements on one line (semicolon)
tests/flow_grpo/test_paired_evaluation.py:34:31: E702 Multiple statements on one line (semicolon)
Found 45 errors.
[*] 5 fixable with the `--fix` option.
