{
  "2": {
    "gradients": {
      "status": "PASS",
      "tensors": 672,
      "failed_tensors": 0,
      "max_abs": 2.3245811462402344e-06,
      "relative_l2": 4.528691982536119e-06,
      "norm_ratio": 0.9999981538113288,
      "cosine": 0.9999999999914497,
      "outside_tolerance": 0,
      "nonidentical": 2212206060,
      "near_zero_tensors": 0
    },
    "optimizer_received": {
      "status": "PASS",
      "tensors": 672,
      "failed_tensors": 0,
      "max_abs": 1.6577541828155518e-07,
      "relative_l2": 4.1353953501437005e-06,
      "norm_ratio": 1.0000000271071858,
      "cosine": 0.9999999999914495,
      "outside_tolerance": 0,
      "nonidentical": 2214535309,
      "near_zero_tensors": 20
    },
    "moments": {
      "status": "PASS",
      "tensors": 2016,
      "failed_tensors": 0,
      "max_abs": 1.6530975699424744e-08,
      "relative_l2": 1.595693708322397e-08,
      "norm_ratio": 1.000000000000409,
      "cosine": 1.0,
      "outside_tolerance": 0,
      "nonidentical": 4425574783,
      "near_zero_tensors": 278
    },
    "weights": {
      "status": "PASS",
      "tensors": 672,
      "failed_tensors": 0,
      "max_abs": 2.6635825634002686e-07,
      "relative_l2": 1.3827523169201636e-09,
      "norm_ratio": 1.0000000000000369,
      "cosine": 1.0,
      "outside_tolerance": 0,
      "nonidentical": 9127220,
      "near_zero_tensors": 0
    },
    "updates": {
      "status": "PASS",
      "tensors": 672,
      "failed_tensors": 0,
      "max_abs": 2.6635825634002686e-07,
      "relative_l2": 7.552434528577742e-05,
      "norm_ratio": 1.0000000169525785,
      "cosine": 0.9999999971480369,
      "outside_tolerance": 0,
      "nonidentical": 9127220,
      "near_zero_tensors": 0
    },
    "layers": {
      "status": "PASS",
      "tensors": 17,
      "failed_tensors": 0,
      "max_abs": 2.5033950805664062e-05,
      "relative_l2": 1.679768221536475e-07,
      "norm_ratio": 1.000000000426615,
      "cosine": 0.9999999999999859,
      "outside_tolerance": 0,
      "nonidentical": 29440,
      "near_zero_tensors": 1
    }
  },
  "8": {
    "gradients": {
      "status": "PASS",
      "tensors": 672,
      "failed_tensors": 0,
      "max_abs": 7.301568984985352e-07,
      "relative_l2": 3.850862120589318e-06,
      "norm_ratio": 0.9999997724539886,
      "cosine": 0.9999999999926112,
      "outside_tolerance": 0,
      "nonidentical": 2205589365,
      "near_zero_tensors": 11
    },
    "optimizer_received": {
      "status": "PASS",
      "tensors": 672,
      "failed_tensors": 0,
      "max_abs": 1.2665987014770508e-07,
      "relative_l2": 3.844254496317759e-06,
      "norm_ratio": 1.0000000446112634,
      "cosine": 0.9999999999926117,
      "outside_tolerance": 0,
      "nonidentical": 2208595023,
      "near_zero_tensors": 19
    },
    "moments": {
      "status": "PASS",
      "tensors": 2016,
      "failed_tensors": 0,
      "max_abs": 1.257285475730896e-08,
      "relative_l2": 1.4834830338988146e-08,
      "norm_ratio": 1.0000000000006684,
      "cosine": 0.9999999999999998,
      "outside_tolerance": 0,
      "nonidentical": 4411784011,
      "near_zero_tensors": 273
    },
    "weights": {
      "status": "PASS",
      "tensors": 672,
      "failed_tensors": 0,
      "max_abs": 2.5425106287002563e-07,
      "relative_l2": 1.2400205211472733e-09,
      "norm_ratio": 0.9999999999999809,
      "cosine": 1.0,
      "outside_tolerance": 0,
      "nonidentical": 8685060,
      "near_zero_tensors": 0
    },
    "updates": {
      "status": "PASS",
      "tensors": 672,
      "failed_tensors": 0,
      "max_abs": 2.5425106287002563e-07,
      "relative_l2": 6.769127517162392e-05,
      "norm_ratio": 1.0000000077807443,
      "cosine": 0.9999999977089457,
      "outside_tolerance": 0,
      "nonidentical": 8685060,
      "near_zero_tensors": 0
    },
    "layers": {
      "status": "PASS",
      "tensors": 17,
      "failed_tensors": 0,
      "max_abs": 4.1484832763671875e-05,
      "relative_l2": 3.142750987731278e-07,
      "norm_ratio": 1.0000000022933808,
      "cosine": 0.9999999999999506,
      "outside_tolerance": 0,
      "nonidentical": 32322,
      "near_zero_tensors": 1
    }
  }
}
