{
  "2": {
    "gradients": {
      "status": "PASS",
      "tensors": 672,
      "failed_tensors": 0,
      "max_abs": 9.797513484954834e-07,
      "relative_l2": 3.0919472216623684e-06,
      "norm_ratio": 0.9999995927745754,
      "cosine": 0.9999999999953029,
      "outside_tolerance": 0,
      "nonidentical": 2208921635,
      "near_zero_tensors": 2
    },
    "optimizer_received": {
      "status": "PASS",
      "tensors": 672,
      "failed_tensors": 0,
      "max_abs": 9.220093488693237e-08,
      "relative_l2": 3.0654167673973265e-06,
      "norm_ratio": 1.0000000025711566,
      "cosine": 0.9999999999953016,
      "outside_tolerance": 0,
      "nonidentical": 2212293681,
      "near_zero_tensors": 18
    },
    "moments": {
      "status": "PASS",
      "tensors": 2016,
      "failed_tensors": 0,
      "max_abs": 9.19681042432785e-09,
      "relative_l2": 1.182856815731771e-08,
      "norm_ratio": 1.0000000000000435,
      "cosine": 1.0000000000000002,
      "outside_tolerance": 0,
      "nonidentical": 4420391949,
      "near_zero_tensors": 271
    },
    "weights": {
      "status": "PASS",
      "tensors": 672,
      "failed_tensors": 0,
      "max_abs": 3.348104655742645e-07,
      "relative_l2": 1.3104705513086306e-09,
      "norm_ratio": 1.0000000000000453,
      "cosine": 1.0,
      "outside_tolerance": 0,
      "nonidentical": 9209716,
      "near_zero_tensors": 0
    },
    "updates": {
      "status": "PASS",
      "tensors": 672,
      "failed_tensors": 0,
      "max_abs": 3.348104655742645e-07,
      "relative_l2": 7.17756220807695e-05,
      "norm_ratio": 1.0000000183439766,
      "cosine": 0.9999999974241301,
      "outside_tolerance": 0,
      "nonidentical": 9209716,
      "near_zero_tensors": 1
    },
    "layers": {
      "status": "PASS",
      "tensors": 16,
      "failed_tensors": 0,
      "max_abs": 2.0503997802734375e-05,
      "relative_l2": 1.4925296159371132e-07,
      "norm_ratio": 0.9999999990460988,
      "cosine": 0.9999999999999889,
      "outside_tolerance": 0,
      "nonidentical": 28977,
      "near_zero_tensors": 1
    }
  },
  "8": {
    "gradients": {
      "status": "PASS",
      "tensors": 672,
      "failed_tensors": 0,
      "max_abs": 8.493661880493164e-07,
      "relative_l2": 3.4571361967739708e-06,
      "norm_ratio": 1.0000016074215756,
      "cosine": 0.9999999999953161,
      "outside_tolerance": 0,
      "nonidentical": 2210423992,
      "near_zero_tensors": 11
    },
    "optimizer_received": {
      "status": "PASS",
      "tensors": 672,
      "failed_tensors": 0,
      "max_abs": 1.2945383787155151e-07,
      "relative_l2": 3.061120426045995e-06,
      "norm_ratio": 1.0000000365390527,
      "cosine": 0.9999999999953154,
      "outside_tolerance": 0,
      "nonidentical": 2208000970,
      "near_zero_tensors": 17
    },
    "moments": {
      "status": "PASS",
      "tensors": 2016,
      "failed_tensors": 0,
      "max_abs": 1.2980308383703232e-08,
      "relative_l2": 1.181254603721478e-08,
      "norm_ratio": 1.0000000000005407,
      "cosine": 1.0,
      "outside_tolerance": 0,
      "nonidentical": 4410658960,
      "near_zero_tensors": 261
    },
    "weights": {
      "status": "PASS",
      "tensors": 672,
      "failed_tensors": 0,
      "max_abs": 2.4959444999694824e-07,
      "relative_l2": 1.1574954373848585e-09,
      "norm_ratio": 1.0000000000000497,
      "cosine": 1.0,
      "outside_tolerance": 0,
      "nonidentical": 8303103,
      "near_zero_tensors": 0
    },
    "updates": {
      "status": "PASS",
      "tensors": 672,
      "failed_tensors": 0,
      "max_abs": 2.4959444999694824e-07,
      "relative_l2": 6.321589884191222e-05,
      "norm_ratio": 0.9999999946149744,
      "cosine": 0.999999998001875,
      "outside_tolerance": 0,
      "nonidentical": 8303103,
      "near_zero_tensors": 1
    },
    "layers": {
      "status": "PASS",
      "tensors": 16,
      "failed_tensors": 0,
      "max_abs": 4.0531158447265625e-05,
      "relative_l2": 2.5839251184474535e-07,
      "norm_ratio": 1.0000000010481789,
      "cosine": 0.9999999999999668,
      "outside_tolerance": 0,
      "nonidentical": 30276,
      "near_zero_tensors": 1
    }
  }
}
