.................................ss..............................s...... [ 23%]
........................................................................ [ 46%]
........................................................................ [ 69%]
.....s..s............................................................... [ 92%]
.............F.........                                                  [100%]
=================================== FAILURES ===================================
______ test_paired_main_reuses_steps_last_best_and_complete_restart[True] ______

tmp_path = PosixPath('/tmp/pytest-of-root/pytest-1574/test_paired_main_reuses_steps_1')
monkeypatch = <_pytest.monkeypatch.MonkeyPatch object at 0x7fbfa93a3ac0>
asynchronous = True

    @pytest.mark.parametrize("asynchronous", [False, True])
    def test_paired_main_reuses_steps_last_best_and_complete_restart(tmp_path, monkeypatch, asynchronous):
        tokens=["a","b"];cache={t:"fixture" for t in tokens}
        for name in ("dev_tokens.json","navtest.json"):
            (tmp_path/name).write_text(json.dumps(tokens))
        plan={"output":str(tmp_path/"run"),"navtest_cache":"fixture_cache","groups":{}}
        for v,hosts in [("frozen_visual",["a","b"]),("unfrozen_visual",["c","d"])]:
            plan["groups"][v]={"config":v,"master_addr":hosts[0],"master_port":12345,
                "nodes":[{"host":h,"devices":list(range(8))} for h in hosts]}
        if asynchronous:
            plan["async_evaluation"]={"slots":[{"host":"evaluator","gpu":0}],"poll_seconds":.001}
        plan_file=tmp_path/"plan.json";plan_file.write_text(json.dumps(plan))
        def config(variant):
            return {"runtime":{"accumulation_steps":1},"sft_checkpoint":str(tmp_path/(variant+".pt")),
                    "paths":{"split_manifest":str(tmp_path/"split.json"),
                             "test_list":str(tmp_path/"navtest.json"),"data_root":"fixture_data",
                             "metric_cache":"fixture_cache"}},None
        monkeypatch.setattr(paired,"resolve_config",config)
        monkeypatch.setattr(paired,"enforce_training_budget",lambda *a:None)
        monkeypatch.setattr(paired,"validate_binding",lambda *a:None)
        monkeypatch.setattr(paired,"resume_assets",lambda *a:{})
        monkeypatch.setattr(paired,"acceptance_context",lambda *a:{})
        monkeypatch.setattr(paired,"training_provenance",lambda *a:{})
        monkeypatch.setattr(paired.signal,"signal",lambda *a:None)
        monkeypatch.setattr(paired,"validate_checkpoint",lambda path,*a:json.loads((Path(path)/"trainer_state.json").read_text()))
        trained=[];generated=[];lock=threading.Lock()
        def train(spec_path,**kwargs):
            spec=json.loads(Path(spec_path).read_text());entry=spec["entry"]
            root=Path(entry[entry.index("--output-dir")+1]);target=int(entry[entry.index("--max-updates")+1])
            with lock:trained.append((root.name,target))
            for update in (range(100,target+1,100) if asynchronous else [target]):
                cp=root/"checkpoints"/f"update_{update:06d}";cp.mkdir(parents=True)
                (cp/"trainer_state.json").write_text(json.dumps({"update":update}))
                (cp/"COMPLETE").write_text("fixture")
        monkeypatch.setattr(paired,"cluster_run",train)
        monkeypatch.setattr(paired,"validate_export",lambda cp,dest:(Path(dest)/"COMPLETE").is_file())
        def export(command,*args):
            root=Path(command[command.index("--output-dir")+1]);root.mkdir()
            (root/"COMPLETE").write_text("fixture")
        monkeypatch.setattr(paired,"run_evaluator",export)
        def cpu_export(checkpoint,root):
            root=Path(root);root.mkdir(exist_ok=True);(root/"COMPLETE").write_text("fixture");return root
        monkeypatch.setattr(paired,"export_checkpoint",cpu_export)
        def evaluate(config,checkpoint,output,split,tokens_file,data_root,metric_cache,seed,slots,**kwargs):
            if asynchronous and not any(x["host"]=="evaluator" for x in slots):
                # The native final budget must finish before final eval borrows the
                # group's training allocation; dev sidecars use only evaluator.
                assert (tmp_path/"run"/config/"checkpoints/update_002000/COMPLETE").is_file()
            identity={"checkpoint":str(checkpoint),"split":split,"seed":seed,"metric_assets_sha256":digest(cache)}
            score=.5+(int(Path(checkpoint).name.replace("export_update",""))/10000 if "export_update" in str(checkpoint) else 0)
            def execute(root):
                with lock:generated.append((config,str(checkpoint),split,seed))
                values=np.zeros((2,8,3));pred=root/"predictions"/split;pred.mkdir(parents=True)
                for token,value in zip(tokens,values):np.save(pred/f"{token}.npy",value)
                np.savez(root/"trajectories.npz",tokens=tokens,physical=values,normalized=np.zeros((2,8,4)))
                pd.DataFrame({"token":tokens,"log_name":["l1","l2"],"score":score,"valid":True}).to_csv(root/"original_protocol_scores.csv",index=False)
                (root/"metric_cache_identity.json").write_text(json.dumps(cache))
                return {"identity":identity,"scene_count":2,"valid":2,"epdms":score,"split":split,
                        "metric_cache_identity":digest(cache),"complete_split":True}
            return evaluation_transaction(output,identity,tokens,execute)
        monkeypatch.setattr(paired,"evaluate_parallel",evaluate)
        monkeypatch.setattr(sys,"argv",["paired","--plan",str(plan_file)])
        paired.main()
        expected_trains=2 if asynchronous else 22
        assert len(trained)==expected_trains and len(generated)==60 and len(set(generated))==60
        for variant in plan["groups"]:
            root=tmp_path/"run";assert (root/variant/"EXPERIMENT_COMPLETE.json").is_file()
            loc=json.loads((root/(variant+"_evaluation")/"locations.json").read_text())
            assert loc["step2000/rl_dev/42"]==loc["last/rl_dev/42"]==loc["best/rl_dev/42"]
            for split in ["rl_dev","navtest"]:
                for seed in range(42,47):assert loc[f"last/{split}/{seed}"]==loc[f"best/{split}/{seed}"]
        monkeypatch.setattr(sys,"argv",["paired","--plan",str(plan_file),"--resume"])
>       paired.main()

tests/cluster_flow_grpo/test_paired_main.py:90: 
_ _ _ _ _ _ _ _ _ _ _ _ _ _ _ _ _ _ _ _ _ _ _ _ _ _ _ _ _ _ _ _ _ _ _ _ _ _ _ _ 

    def main():
        p = argparse.ArgumentParser(__doc__)
        p.add_argument("--plan", required=True)
        p.add_argument("--resume", action="store_true")
        p.add_argument("--migrate-deployment", action="store_true",
                       help="Validate and archive a placement-only change; requires --resume and GPU evidence")
        p.add_argument("--adopt-running", help="SHA-bound specs of this experiment's already supervised jobs")
        a = p.parse_args()
        plan = json.loads(Path(a.plan).read_text())
        adopted = json.loads(Path(a.adopt_running).read_text()) if a.adopt_running else {}
        if adopted and (not a.resume or not plan.get("async_evaluation") or set(adopted) != set(plan["groups"])):
            raise ValueError("live adoption requires an explicit asynchronous paired resume")
        if plan.get("asset_verification_receipt"):
            from scripts.cluster_flow_grpo.assets import install_receipt
            receipt = plan["asset_verification_receipt"]
            install_receipt(receipt["path"], receipt["sha256"])
        world = validate_plan(plan)
        cluster_identity,_=configure_release()
        os.environ.update(WORLD_SIZE=str(world), FLASH_ATTENTION_DETERMINISTIC="1",
                          CUBLAS_WORKSPACE_CONFIG=":4096:8")
        configure_numerics()
        root = Path(plan["output"]).resolve()
        descriptor = {"plan": plan, "training_executable_sha256": executable_identity(),
                      "orchestration_sources": {str(f.relative_to(ROOT)): file_sha(f)
                      for f in Path(__file__).parent.glob("*.py")}}
        if root.exists():
            if not a.resume:
                raise FileExistsError("existing run requires explicit --resume")
            if json.loads((root/"cluster_identity.json").read_text()) != descriptor:
                if not a.migrate_deployment:
>                   raise ValueError("cluster plan/code changed; explicit validated deployment migration required")
E                   ValueError: cluster plan/code changed; explicit validated deployment migration required

scripts/cluster_flow_grpo/paired.py:106: ValueError
=============================== warnings summary ===============================
../../../root/miniconda3/envs/ddp/lib/python3.10/site-packages/torch/cuda/__init__.py:61
  /root/miniconda3/envs/ddp/lib/python3.10/site-packages/torch/cuda/__init__.py:61: FutureWarning: The pynvml package is deprecated. Please install nvidia-ml-py instead. If you did not install pynvml directly, please report this to the maintainers of the package that installed pynvml for you.
    import pynvml  # type: ignore[import]

tests/flow_grpo/test_action_config.py::test_inactive_sft_losses_keep_source_fp32_with_bf16_condition
  /root/miniconda3/envs/ddp/lib/python3.10/site-packages/albumentations/__init__.py:13: UserWarning: A new version of Albumentations is available: 2.0.8 (you have 1.4.18). Upgrade using: pip install -U albumentations. To disable automatic update checks, set the environment variable NO_ALBUMENTATIONS_UPDATE to 1.
    check_for_updates()

tests/flow_grpo/test_action_config.py::test_inactive_sft_losses_keep_source_fp32_with_bf16_condition
  <frozen importlib._bootstrap>:241: DeprecationWarning: builtin type SwigPyPacked has no __module__ attribute

tests/flow_grpo/test_action_config.py::test_inactive_sft_losses_keep_source_fp32_with_bf16_condition
  <frozen importlib._bootstrap>:241: DeprecationWarning: builtin type SwigPyObject has no __module__ attribute

tests/flow_grpo/test_action_config.py::test_inactive_sft_losses_keep_source_fp32_with_bf16_condition
  /mnt/project/DriveDreamer-Policy-action-rl/starVLA/model/modules/video_model/videox_fun/dist/wan_xfuser.py:22: FutureWarning: `torch.cuda.amp.autocast(args...)` is deprecated. Please use `torch.amp.autocast('cuda', args...)` instead.
    @amp.autocast(enabled=False)

tests/flow_grpo/test_action_config.py::test_inactive_sft_losses_keep_source_fp32_with_bf16_condition
  /mnt/project/DriveDreamer-Policy-action-rl/starVLA/model/modules/video_model/videox_fun/dist/wan_xfuser.py:113: FutureWarning: `torch.cuda.amp.autocast(args...)` is deprecated. Please use `torch.amp.autocast('cuda', args...)` instead.
    @amp.autocast(enabled=False)

tests/flow_grpo/test_action_config.py::test_inactive_sft_losses_keep_source_fp32_with_bf16_condition
  /mnt/project/DriveDreamer-Policy-action-rl/starVLA/model/modules/video_model/videox_fun/models/wan_transformer3d.py:44: FutureWarning: `torch.cuda.amp.autocast(args...)` is deprecated. Please use `torch.amp.autocast('cuda', args...)` instead.
    @amp.autocast(enabled=False)

tests/flow_grpo/test_action_config.py::test_inactive_sft_losses_keep_source_fp32_with_bf16_condition
  /mnt/project/DriveDreamer-Policy-action-rl/starVLA/model/modules/video_model/videox_fun/models/wan_transformer3d.py:56: FutureWarning: `torch.cuda.amp.autocast(args...)` is deprecated. Please use `torch.amp.autocast('cuda', args...)` instead.
    @amp.autocast(enabled=False)

tests/flow_grpo/test_action_config.py::test_inactive_sft_losses_keep_source_fp32_with_bf16_condition
  /mnt/project/DriveDreamer-Policy-action-rl/starVLA/model/modules/video_model/videox_fun/models/wan_transformer3d.py:135: FutureWarning: `torch.cuda.amp.autocast(args...)` is deprecated. Please use `torch.amp.autocast('cuda', args...)` instead.
    @amp.autocast(enabled=False)

tests/flow_grpo/test_action_config.py::test_inactive_sft_losses_keep_source_fp32_with_bf16_condition
  /mnt/project/DriveDreamer-Policy-action-rl/starVLA/model/modules/video_model/videox_fun/models/wan_audio_injector.py:103: FutureWarning: `torch.cuda.amp.autocast(args...)` is deprecated. Please use `torch.amp.autocast('cuda', args...)` instead.
    @amp.autocast(enabled=False)

tests/flow_grpo/test_action_config.py::test_inactive_sft_losses_keep_source_fp32_with_bf16_condition
  /mnt/project/DriveDreamer-Policy-action-rl/starVLA/model/modules/video_model/videox_fun/models/wan_audio_injector.py:114: FutureWarning: `torch.cuda.amp.autocast(args...)` is deprecated. Please use `torch.amp.autocast('cuda', args...)` instead.
    @amp.autocast(enabled=False)

tests/flow_grpo/test_action_config.py::test_inactive_sft_losses_keep_source_fp32_with_bf16_condition
  /mnt/project/DriveDreamer-Policy-action-rl/starVLA/model/modules/video_model/videox_fun/models/wan_transformer3d_s2v.py:55: FutureWarning: `torch.cuda.amp.autocast(args...)` is deprecated. Please use `torch.amp.autocast('cuda', args...)` instead.
    @amp.autocast(enabled=False)

tests/flow_grpo/test_action_config.py::test_inactive_sft_losses_keep_source_fp32_with_bf16_condition
  /root/miniconda3/envs/ddp/lib/python3.10/site-packages/torch/amp/autocast_mode.py:266: UserWarning: User provided device_type of 'cuda', but CUDA is not available. Disabling
    warnings.warn(

tests/flow_grpo/test_adjacent_evaluation_real.py::test_real_adjacent_frames_and_missing_comfort_weight
  /root/miniconda3/envs/ddp/lib/python3.10/site-packages/lightning_fabric/__init__.py:41: pkg_resources is deprecated as an API. See https://setuptools.pypa.io/en/latest/pkg_resources.html. The pkg_resources package is slated for removal as early as 2025-11-30. Refrain from using this package or pin to Setuptools<81.

tests/flow_grpo/test_adjacent_evaluation_real.py::test_real_adjacent_frames_and_missing_comfort_weight
  /root/miniconda3/envs/ddp/lib/python3.10/site-packages/lightning_fabric/__init__.py:41: Deprecated call to `pkg_resources.declare_namespace('lightning_fabric')`.
  Implementing implicit namespace packages (as specified in PEP 420) is preferred to `pkg_resources.declare_namespace`. See https://setuptools.pypa.io/en/latest/references/keywords.html#keyword-namespace-packages

tests/flow_grpo/test_adjacent_evaluation_real.py::test_real_adjacent_frames_and_missing_comfort_weight
  /root/miniconda3/envs/ddp/lib/python3.10/site-packages/pytorch_lightning/__init__.py:37: Deprecated call to `pkg_resources.declare_namespace('pytorch_lightning')`.
  Implementing implicit namespace packages (as specified in PEP 420) is preferred to `pkg_resources.declare_namespace`. See https://setuptools.pypa.io/en/latest/references/keywords.html#keyword-namespace-packages

tests/flow_grpo/test_adjacent_evaluation_real.py: 572 warnings
tests/flow_grpo/test_reward_real.py: 3456 warnings
  /mnt/project/DriveDreamer-Policy-action-rl/navsim/navsim/planning/simulation/planner/pdm_planner/observation/pdm_occupancy_map.py:209: DeprecationWarning: The 'shapely.vectorized.contains' function is deprecated and will be removed a future version. Use 'shapely.contains_xy' instead (available since shapely 2.0.0).
    output[i] = shapely.vectorized.contains(polygon, flattened_points[:, 0], flattened_points[:, 1])

-- Docs: https://docs.pytest.org/en/stable/how-to/capture-warnings.html
=========================== short test summary info ============================
FAILED tests/cluster_flow_grpo/test_paired_main.py::test_paired_main_reuses_steps_last_best_and_complete_restart[True]
1 failed, 305 passed, 5 skipped, 4044 warnings in 227.26s (0:03:47)
